// Jest Snapshot v1, https://goo.gl/fbAQLP

exports[`lista renderizando a Lista 1`] = `
<Provider
  store={
    Object {
      "clearActions": [Function],
      "dispatch": [Function],
      "getActions": [Function],
      "getState": [Function],
      "replaceReducer": [Function],
      "subscribe": [Function],
    }
  }
>
  <List
    match={
      Object {
        "params": Object {
          "name": "fire",
        },
      }
    }
  >
    <button
      onClick={[Function]}
      style={
        Object {
          "background": "#fc6963",
          "borderRadius": 5,
          "color": "#fff",
          "marginRight": 10,
          "padding": 10,
        }
      }
    >
      Voltar
    </button>
    <h1
      style={
        Object {
          "alignItems": "center",
          "background": "#fff",
          "felx": 1,
          "justifyContent": "center",
          "textAlign": "center",
        }
      }
    >
      Carregando lista ...
    </h1>
  </List>
</Provider>
`;
