// Jest Snapshot v1, https://goo.gl/fbAQLP

exports[`renderizando a Busca 1`] = `ShallowWrapper {}`;
