// Jest Snapshot v1, https://goo.gl/fbAQLP

exports[`renderizando a Detalhes 1`] = `ShallowWrapper {}`;
