// Jest Snapshot v1, https://goo.gl/fbAQLP

exports[`renderizando a Lista 1`] = `ShallowWrapper {}`;
