// Jest Snapshot v1, https://goo.gl/fbAQLP

exports[`renderizando a Login 1`] = `ShallowWrapper {}`;
