// Jest Snapshot v1, https://goo.gl/fbAQLP

exports[`renderizando a Pokedex 1`] = `ShallowWrapper {}`;
